
Server arguments:
  --memory-size 1073741824
  --shared-postfix 64d8b9948c200ef0329a62b98a253de2
  --working-directory Library/DataStore
  --silent-console
  --shutdown-grace 0
  --client-process-check 0
  --uds-log-file /Users/salwaadhani/My project/Logs/UDS-Service.log
  --debug-log 2
  -name Unity.DataStore

Initialising UDS system complete:
  - System type: Service
  - Resource namespace: 64d8b9948c200ef0329a62b98a253de2
  - Shared memory size: 1073741824
  - Command buffer id: 1052672
  - Command buffer size: 8192
  - Hashmap size: 4194304
Starting Unity Data Store Application
Unity Data Store Application Complete
[Warning] Shutting down service while there are still connected clients, client count = 3
Shut down UDS service system complete
